C00: ruff=fail c901=fail metrics=fail cx_max=34 longest=74 pytest=fail cov=fail
C01: ruff=fail c901=pass metrics=fail cx_max=14 longest=107 pytest=pass cov=pass
C02: ruff=fail c901=pass metrics=pass cx_max=8 longest=79 pytest=pass cov=pass
C03: ruff=fail c901=fail metrics=fail cx_max=22 longest=102 pytest=pass cov=pass
C04: ruff=fail c901=pass metrics=pass cx_max=9 longest=56 pytest=pass cov=pass
C05: ruff=fail c901=fail metrics=fail cx_max=35 longest=220 pytest=fail cov=fail
C06: ruff=fail c901=fail metrics=fail cx_max=29 longest=224 pytest=pass cov=pass
C07: ruff=fail c901=fail metrics=fail cx_max=37 longest=199 pytest=pass cov=pass
C08: ruff=fail c901=fail metrics=fail cx_max=77 longest=297 pytest=pass cov=pass
C09: ruff=fail c901=fail metrics=fail cx_max=64 longest=297 pytest=pass cov=pass
C10: ruff=fail c901=fail metrics=fail cx_max=38 longest=239 pytest=pass cov=pass
C11: ruff=fail c901=pass metrics=fail cx_max=19 longest=165 pytest=pass cov=pass
C12: ruff=fail c901=fail metrics=fail cx_max=19 longest=165 pytest=pass cov=pass
C13: ruff=fail c901=fail metrics=fail cx_max=22 longest=165 pytest=pass cov=pass
C14: ruff=fail c901=pass metrics=fail cx_max=16 longest=131 pytest=pass cov=pass
C15: ruff=fail c901=fail metrics=fail cx_max=61 longest=205 pytest=pass cov=pass
C16: ruff=fail c901=pass metrics=pass cx_max=3 longest=7 pytest=not-run cov=not-run
K00: ruff=fail c901=fail metrics=fail cx_max=35 longest=279 pytest=fail cov=fail
K01: ruff=fail c901=pass metrics=fail cx_max=19 longest=88 pytest=pass cov=pass
K02: ruff=fail c901=pass metrics=fail cx_max=19 longest=88 pytest=pass cov=pass
K03: ruff=fail c901=pass metrics=fail cx_max=19 longest=88 pytest=pass cov=pass
K04: ruff=fail c901=fail metrics=fail cx_max=52 longest=325 pytest=fail cov=fail
K05: ruff=fail c901=fail metrics=fail cx_max=57 longest=370 pytest=pass cov=pass
K06: ruff=fail c901=fail metrics=fail cx_max=92 longest=361 pytest=pass cov=pass
K07: ruff=fail c901=fail metrics=fail cx_max=28 longest=210 pytest=pass cov=pass
K08: ruff=fail c901=fail metrics=fail cx_max=29 longest=152 pytest=pass cov=pass
K09: ruff=fail c901=pass metrics=pass cx_max=10 longest=66 pytest=pass cov=pass
K10: ruff=fail c901=fail metrics=fail cx_max=15 longest=66 pytest=pass cov=pass
K11: ruff=fail c901=fail metrics=fail cx_max=15 longest=66 pytest=pass cov=pass
K12: ruff=fail c901=fail metrics=fail cx_max=15 longest=66 pytest=pass cov=pass
K13: ruff=fail c901=pass metrics=fail cx_max=19 longest=85 pytest=pass cov=pass
K14: ruff=fail c901=pass metrics=pass cx_max=10 longest=49 pytest=pass cov=pass
K15: ruff=fail c901=pass metrics=pass cx_max=12 longest=113 pytest=pass cov=pass
K16: ruff=fail c901=fail metrics=fail cx_max=19 longest=162 pytest=pass cov=pass
K17: ruff=fail c901=pass metrics=pass cx_max=2 longest=19 pytest=not-run cov=not-run
K18: ruff=fail c901=pass metrics=pass cx_max=2 longest=19 pytest=not-run cov=not-run
