C00: ruff=fail c901=fail metrics=fail cx_max=34 longest=78 pytest=fail cov=fail
C01: ruff=pass c901=pass metrics=fail cx_max=14 longest=108 pytest=pass cov=pass
C02: ruff=pass c901=pass metrics=pass cx_max=8 longest=79 pytest=pass cov=pass
C03: ruff=fail c901=fail metrics=fail cx_max=22 longest=102 pytest=pass cov=pass
C04: ruff=fail c901=pass metrics=pass cx_max=9 longest=56 pytest=pass cov=pass
C05: ruff=fail c901=fail metrics=fail cx_max=35 longest=220 pytest=fail cov=fail
C06: ruff=pass c901=fail metrics=fail cx_max=29 longest=237 pytest=pass cov=pass
C07: ruff=fail c901=fail metrics=fail cx_max=37 longest=199 pytest=pass cov=pass
C08: ruff=fail c901=fail metrics=fail cx_max=77 longest=297 pytest=pass cov=pass
C09: ruff=fail c901=fail metrics=fail cx_max=64 longest=301 pytest=pass cov=pass
C10: ruff=fail c901=fail metrics=fail cx_max=38 longest=239 pytest=pass cov=pass
C11: ruff=pass c901=pass metrics=fail cx_max=19 longest=165 pytest=pass cov=pass
C12: ruff=pass c901=fail metrics=fail cx_max=19 longest=165 pytest=pass cov=pass
C13: ruff=pass c901=fail metrics=fail cx_max=22 longest=165 pytest=pass cov=pass
C14: ruff=fail c901=pass metrics=fail cx_max=16 longest=131 pytest=pass cov=pass
C15: ruff=fail c901=fail metrics=fail cx_max=61 longest=205 pytest=pass cov=pass
K00: ruff=pass c901=fail metrics=fail cx_max=32 longest=273 pytest=pass cov=pass
K01: ruff=pass c901=pass metrics=fail cx_max=19 longest=88 pytest=pass cov=pass
K02: ruff=pass c901=pass metrics=fail cx_max=19 longest=88 pytest=pass cov=pass
K03: ruff=pass c901=pass metrics=fail cx_max=19 longest=88 pytest=pass cov=pass
K04: ruff=pass c901=fail metrics=fail cx_max=52 longest=325 pytest=pass cov=pass
K05: ruff=pass c901=fail metrics=fail cx_max=57 longest=370 pytest=pass cov=pass
K06: ruff=pass c901=fail metrics=fail cx_max=86 longest=351 pytest=pass cov=pass
K07: ruff=pass c901=fail metrics=fail cx_max=28 longest=210 pytest=pass cov=pass
K08: ruff=pass c901=fail metrics=fail cx_max=29 longest=154 pytest=pass cov=pass
K09: ruff=pass c901=pass metrics=pass cx_max=10 longest=66 pytest=pass cov=pass
K10: ruff=pass c901=fail metrics=fail cx_max=15 longest=66 pytest=pass cov=pass
K11: ruff=pass c901=fail metrics=fail cx_max=15 longest=66 pytest=pass cov=pass
K12: ruff=pass c901=fail metrics=fail cx_max=15 longest=66 pytest=pass cov=pass
K13: ruff=pass c901=pass metrics=fail cx_max=19 longest=83 pytest=pass cov=pass
K14: ruff=pass c901=pass metrics=pass cx_max=10 longest=47 pytest=pass cov=pass
K15: ruff=pass c901=pass metrics=pass cx_max=12 longest=113 pytest=pass cov=pass
K16: ruff=pass c901=fail metrics=fail cx_max=19 longest=161 pytest=pass cov=pass
